[dotenv@17.3.1] injecting env (4) from .env -- tip: ≡ƒöÉ prevent building .env in docker: https://dotenvx.com/prebuild
node : Γ¥î Failed to 
initialize Firebase. 
Did you create 
serviceAccountKey.json?
At line:1 char:1
+ node runDigest.js > 
error_log.txt 2>&1 ; 
cat error_log.txt
+ ~~~~~~~~~~~~~~~~~~~~~
~~~~~~~~~~~~~~~~~
    + CategoryInfo     
         : NotSpecifi  
  ed: (Γ¥î Failed to   
  i...ccountKey.jso    
n?:String) [], Rem    
oteException
    + FullyQualifiedEr 
   rorId : NativeComm  
  andError
 
Cannot find module './s
erviceAccountKey.json'
Require stack:
- D:\bill-log\server\ru
nDigest.js
